Archive member included to satisfy reference by file (symbol)

c:/program files (x86)/atmel/studio/7.0/toolchain/avr8/avr8-gnu-toolchain/bin/../lib/gcc/avr/5.4.0/avr5\libgcc.a(_udivmodsi4.o)
                              HAL/ULTRA_SONIC/Program/ULTRASONIC_Program.o (__udivmodsi4)
c:/program files (x86)/atmel/studio/7.0/toolchain/avr8/avr8-gnu-toolchain/bin/../lib/gcc/avr/5.4.0/avr5\libgcc.a(_exit.o)
                              C:/Program Files (x86)/Atmel/Studio/7.0/Packs/atmel/ATmega_DFP/1.7.374/gcc/dev/atmega32/avr5/crtatmega32.o (exit)
c:/program files (x86)/atmel/studio/7.0/toolchain/avr8/avr8-gnu-toolchain/bin/../lib/gcc/avr/5.4.0/avr5\libgcc.a(_tablejump2.o)
                              MCAL/TIMER/Program/Timer_Program.o (__tablejump2__)
c:/program files (x86)/atmel/studio/7.0/toolchain/avr8/avr8-gnu-toolchain/bin/../lib/gcc/avr/5.4.0/avr5\libgcc.a(_copy_data.o)
                              APP/PARKING/Program/Parking.o (__do_copy_data)
c:/program files (x86)/atmel/studio/7.0/toolchain/avr8/avr8-gnu-toolchain/bin/../lib/gcc/avr/5.4.0/avr5\libgcc.a(_clear_bss.o)
                              HAL/ULTRA_SONIC/Program/ULTRASONIC_Program.o (__do_clear_bss)
c:/program files (x86)/atmel/studio/7.0/toolchain/avr8/avr8-gnu-toolchain/bin/../lib/gcc/avr/5.4.0/avr5\libgcc.a(_umulhisi3.o)
                              HAL/ULTRA_SONIC/Program/ULTRASONIC_Program.o (__umulhisi3)
c:/program files (x86)/atmel/studio/7.0/toolchain/avr8/avr8-gnu-toolchain/bin/../lib/gcc/avr/5.4.0/avr5\libgcc.a(_adddi3_s8.o)
                              HAL/ULTRA_SONIC/Program/ULTRASONIC_Program.o (__adddi3_s8)

Discarded input sections

 .data          0x00000000        0x0 C:/Program Files (x86)/Atmel/Studio/7.0/Packs/atmel/ATmega_DFP/1.7.374/gcc/dev/atmega32/avr5/crtatmega32.o
 .bss           0x00000000        0x0 C:/Program Files (x86)/Atmel/Studio/7.0/Packs/atmel/ATmega_DFP/1.7.374/gcc/dev/atmega32/avr5/crtatmega32.o
 .text          0x00000000        0x0 APP/main.o
 .data          0x00000000        0x0 APP/main.o
 .bss           0x00000000        0x0 APP/main.o
 .text          0x00000000        0x0 APP/PARKING/Program/Parking.o
 .data          0x00000000        0x0 APP/PARKING/Program/Parking.o
 .bss           0x00000000        0x0 APP/PARKING/Program/Parking.o
 .rodata.str1.1
                0x00000000        0xb APP/PARKING/Program/Parking.o
 .text.AutoPark
                0x00000000      0x13e APP/PARKING/Program/Parking.o
 .debug_info    0x00000000      0x4dc APP/PARKING/Program/Parking.o
 .debug_abbrev  0x00000000       0xf1 APP/PARKING/Program/Parking.o
 .debug_loc     0x00000000      0x360 APP/PARKING/Program/Parking.o
 .debug_aranges
                0x00000000       0x20 APP/PARKING/Program/Parking.o
 .debug_ranges  0x00000000       0x10 APP/PARKING/Program/Parking.o
 .debug_line    0x00000000      0x2c5 APP/PARKING/Program/Parking.o
 .debug_str     0x00000000      0x2a9 APP/PARKING/Program/Parking.o
 .comment       0x00000000       0x31 APP/PARKING/Program/Parking.o
 .debug_frame   0x00000000       0x24 APP/PARKING/Program/Parking.o
 .text          0x00000000        0x0 APP/SEARCHING/Program/Searching.o
 .data          0x00000000        0x0 APP/SEARCHING/Program/Searching.o
 .bss           0x00000000        0x0 APP/SEARCHING/Program/Searching.o
 .rodata.str1.1
                0x00000000        0xd APP/SEARCHING/Program/Searching.o
 .text.Searching
                0x00000000        0xe APP/SEARCHING/Program/Searching.o
 .debug_info    0x00000000       0xd8 APP/SEARCHING/Program/Searching.o
 .debug_abbrev  0x00000000       0x7c APP/SEARCHING/Program/Searching.o
 .debug_aranges
                0x00000000       0x20 APP/SEARCHING/Program/Searching.o
 .debug_ranges  0x00000000       0x10 APP/SEARCHING/Program/Searching.o
 .debug_line    0x00000000       0xb6 APP/SEARCHING/Program/Searching.o
 .debug_str     0x00000000      0x1fa APP/SEARCHING/Program/Searching.o
 .comment       0x00000000       0x31 APP/SEARCHING/Program/Searching.o
 .debug_frame   0x00000000       0x24 APP/SEARCHING/Program/Searching.o
 .text          0x00000000        0x0 APP/UN_PARKING/Program/UnParking.o
 .data          0x00000000        0x0 APP/UN_PARKING/Program/UnParking.o
 .bss           0x00000000        0x0 APP/UN_PARKING/Program/UnParking.o
 .text          0x00000000        0x0 HAL/ALCOHOL/Program/ALCOHOL_Program.o
 .data          0x00000000        0x0 HAL/ALCOHOL/Program/ALCOHOL_Program.o
 .bss           0x00000000        0x0 HAL/ALCOHOL/Program/ALCOHOL_Program.o
 .text.ALCOHOL_Initilization
                0x00000000       0x22 HAL/ALCOHOL/Program/ALCOHOL_Program.o
 .text.ALCOHOL_Read
                0x00000000        0xa HAL/ALCOHOL/Program/ALCOHOL_Program.o
 .debug_info    0x00000000      0x186 HAL/ALCOHOL/Program/ALCOHOL_Program.o
 .debug_abbrev  0x00000000      0x10d HAL/ALCOHOL/Program/ALCOHOL_Program.o
 .debug_loc     0x00000000       0x48 HAL/ALCOHOL/Program/ALCOHOL_Program.o
 .debug_aranges
                0x00000000       0x28 HAL/ALCOHOL/Program/ALCOHOL_Program.o
 .debug_ranges  0x00000000       0x18 HAL/ALCOHOL/Program/ALCOHOL_Program.o
 .debug_line    0x00000000      0x18c HAL/ALCOHOL/Program/ALCOHOL_Program.o
 .debug_str     0x00000000      0x25b HAL/ALCOHOL/Program/ALCOHOL_Program.o
 .comment       0x00000000       0x31 HAL/ALCOHOL/Program/ALCOHOL_Program.o
 .debug_frame   0x00000000       0x34 HAL/ALCOHOL/Program/ALCOHOL_Program.o
 .text          0x00000000        0x0 HAL/BUZZER/Program/BUZZER_Program.o
 .data          0x00000000        0x0 HAL/BUZZER/Program/BUZZER_Program.o
 .bss           0x00000000        0x0 HAL/BUZZER/Program/BUZZER_Program.o
 .text.BUZZER_Initilization
                0x00000000        0xc HAL/BUZZER/Program/BUZZER_Program.o
 .text.BUZZER_TurnOn
                0x00000000        0xc HAL/BUZZER/Program/BUZZER_Program.o
 .text.BUZZER_TurnOff
                0x00000000        0xc HAL/BUZZER/Program/BUZZER_Program.o
 .debug_info    0x00000000      0x126 HAL/BUZZER/Program/BUZZER_Program.o
 .debug_abbrev  0x00000000       0x64 HAL/BUZZER/Program/BUZZER_Program.o
 .debug_aranges
                0x00000000       0x30 HAL/BUZZER/Program/BUZZER_Program.o
 .debug_ranges  0x00000000       0x20 HAL/BUZZER/Program/BUZZER_Program.o
 .debug_line    0x00000000       0xae HAL/BUZZER/Program/BUZZER_Program.o
 .debug_str     0x00000000      0x217 HAL/BUZZER/Program/BUZZER_Program.o
 .comment       0x00000000       0x31 HAL/BUZZER/Program/BUZZER_Program.o
 .debug_frame   0x00000000       0x44 HAL/BUZZER/Program/BUZZER_Program.o
 .text          0x00000000        0x0 HAL/DC_MOTOR/Program/DC_MOTOR_Program.o
 .data          0x00000000        0x0 HAL/DC_MOTOR/Program/DC_MOTOR_Program.o
 .bss           0x00000000        0x0 HAL/DC_MOTOR/Program/DC_MOTOR_Program.o
 .text          0x00000000        0x0 HAL/DOOR/Program/DOOR_Program.o
 .data          0x00000000        0x0 HAL/DOOR/Program/DOOR_Program.o
 .bss           0x00000000        0x0 HAL/DOOR/Program/DOOR_Program.o
 .text.DOOR_Initilization
                0x00000000       0x20 HAL/DOOR/Program/DOOR_Program.o
 .text.DOOR_Read
                0x00000000        0xa HAL/DOOR/Program/DOOR_Program.o
 .debug_info    0x00000000      0x142 HAL/DOOR/Program/DOOR_Program.o
 .debug_abbrev  0x00000000       0x9a HAL/DOOR/Program/DOOR_Program.o
 .debug_aranges
                0x00000000       0x28 HAL/DOOR/Program/DOOR_Program.o
 .debug_ranges  0x00000000       0x18 HAL/DOOR/Program/DOOR_Program.o
 .debug_line    0x00000000       0xc1 HAL/DOOR/Program/DOOR_Program.o
 .debug_str     0x00000000      0x20e HAL/DOOR/Program/DOOR_Program.o
 .comment       0x00000000       0x31 HAL/DOOR/Program/DOOR_Program.o
 .debug_frame   0x00000000       0x34 HAL/DOOR/Program/DOOR_Program.o
 .text          0x00000000        0x0 HAL/IR/Program/IR_Program.o
 .data          0x00000000        0x0 HAL/IR/Program/IR_Program.o
 .bss           0x00000000        0x0 HAL/IR/Program/IR_Program.o
 .text.IR_Initilization
                0x00000000       0x26 HAL/IR/Program/IR_Program.o
 .text.IR_FrontRead
                0x00000000        0xa HAL/IR/Program/IR_Program.o
 .text.IR_BackRead
                0x00000000        0xa HAL/IR/Program/IR_Program.o
 .debug_info    0x00000000      0x188 HAL/IR/Program/IR_Program.o
 .debug_abbrev  0x00000000       0x9a HAL/IR/Program/IR_Program.o
 .debug_aranges
                0x00000000       0x30 HAL/IR/Program/IR_Program.o
 .debug_ranges  0x00000000       0x20 HAL/IR/Program/IR_Program.o
 .debug_line    0x00000000       0xdf HAL/IR/Program/IR_Program.o
 .debug_str     0x00000000      0x21b HAL/IR/Program/IR_Program.o
 .comment       0x00000000       0x31 HAL/IR/Program/IR_Program.o
 .debug_frame   0x00000000       0x44 HAL/IR/Program/IR_Program.o
 .text          0x00000000        0x0 HAL/LCD/Program/LCD_Program.o
 .data          0x00000000        0x0 HAL/LCD/Program/LCD_Program.o
 .bss           0x00000000        0x0 HAL/LCD/Program/LCD_Program.o
 .text.LCD_SendInstruction
                0x00000000      0x132 HAL/LCD/Program/LCD_Program.o
 .text.LCD_Initialization
                0x00000000       0xbc HAL/LCD/Program/LCD_Program.o
 .text.LCD_Clear
                0x00000000       0x26 HAL/LCD/Program/LCD_Program.o
 .text.LCD_WriteCharacter
                0x00000000      0x132 HAL/LCD/Program/LCD_Program.o
 .text.LCD_WriteString
                0x00000000       0x1a HAL/LCD/Program/LCD_Program.o
 .text.LCD_WriteNumber
                0x00000000        0x8 HAL/LCD/Program/LCD_Program.o
 .text.LCD_SetCursor
                0x00000000       0x2a HAL/LCD/Program/LCD_Program.o
 .debug_info    0x00000000      0xb29 HAL/LCD/Program/LCD_Program.o
 .debug_abbrev  0x00000000      0x159 HAL/LCD/Program/LCD_Program.o
 .debug_loc     0x00000000      0x799 HAL/LCD/Program/LCD_Program.o
 .debug_aranges
                0x00000000       0x50 HAL/LCD/Program/LCD_Program.o
 .debug_ranges  0x00000000       0x40 HAL/LCD/Program/LCD_Program.o
 .debug_line    0x00000000      0x3e0 HAL/LCD/Program/LCD_Program.o
 .debug_str     0x00000000      0x2d3 HAL/LCD/Program/LCD_Program.o
 .comment       0x00000000       0x31 HAL/LCD/Program/LCD_Program.o
 .debug_frame   0x00000000       0xa8 HAL/LCD/Program/LCD_Program.o
 .text          0x00000000        0x0 HAL/LED/Program/LED_Program.o
 .data          0x00000000        0x0 HAL/LED/Program/LED_Program.o
 .bss           0x00000000        0x0 HAL/LED/Program/LED_Program.o
 .text.LED_Initilization
                0x00000000        0xc HAL/LED/Program/LED_Program.o
 .text.LED_TurnOn
                0x00000000        0xc HAL/LED/Program/LED_Program.o
 .text.LED_TurnOff
                0x00000000        0xc HAL/LED/Program/LED_Program.o
 .debug_info    0x00000000      0x126 HAL/LED/Program/LED_Program.o
 .debug_abbrev  0x00000000       0x64 HAL/LED/Program/LED_Program.o
 .debug_aranges
                0x00000000       0x30 HAL/LED/Program/LED_Program.o
 .debug_ranges  0x00000000       0x20 HAL/LED/Program/LED_Program.o
 .debug_line    0x00000000       0xa8 HAL/LED/Program/LED_Program.o
 .debug_str     0x00000000      0x208 HAL/LED/Program/LED_Program.o
 .comment       0x00000000       0x31 HAL/LED/Program/LED_Program.o
 .debug_frame   0x00000000       0x44 HAL/LED/Program/LED_Program.o
 .text          0x00000000        0x0 HAL/SERVO_MOTOR/Program/SERVO_MOTOR_Program.o
 .data          0x00000000        0x0 HAL/SERVO_MOTOR/Program/SERVO_MOTOR_Program.o
 .bss           0x00000000        0x0 HAL/SERVO_MOTOR/Program/SERVO_MOTOR_Program.o
 .text          0x00000000        0x0 HAL/ULTRA_SONIC/Program/ULTRASONIC_Program.o
 .data          0x00000000        0x0 HAL/ULTRA_SONIC/Program/ULTRASONIC_Program.o
 .bss           0x00000000        0x0 HAL/ULTRA_SONIC/Program/ULTRASONIC_Program.o
 .text.ULTRASONIC_Initilization
                0x00000000       0x20 HAL/ULTRA_SONIC/Program/ULTRASONIC_Program.o
 .text.ULTRASONIC_GetDistance
                0x00000000       0xb0 HAL/ULTRA_SONIC/Program/ULTRASONIC_Program.o
 .text          0x00000000        0x0 MCAL/DIO/Program/DIO_Program.o
 .data          0x00000000        0x0 MCAL/DIO/Program/DIO_Program.o
 .bss           0x00000000        0x0 MCAL/DIO/Program/DIO_Program.o
 .text.DIO_GetPinValue
                0x00000000       0x5c MCAL/DIO/Program/DIO_Program.o
 .text.DIO_SetHighNibbleValue
                0x00000000       0x36 MCAL/DIO/Program/DIO_Program.o
 .text.DIO_EnablePullUpRes
                0x00000000       0x6e MCAL/DIO/Program/DIO_Program.o
 .text          0x00000000        0x0 MCAL/TIMER/Program/Timer_Program.o
 .data          0x00000000        0x0 MCAL/TIMER/Program/Timer_Program.o
 .bss           0x00000000        0x0 MCAL/TIMER/Program/Timer_Program.o
 .text.Timer0_Update_CounterReg
                0x00000000        0x4 MCAL/TIMER/Program/Timer_Program.o
 .text.Timer0_Update_CompareReg
                0x00000000        0x4 MCAL/TIMER/Program/Timer_Program.o
 .text.Timer0_Update_TimerMode
                0x00000000       0x48 MCAL/TIMER/Program/Timer_Program.o
 .text.Timer0_Update_OC_Mode
                0x00000000       0x66 MCAL/TIMER/Program/Timer_Program.o
 .text.Timer0_Update_Prescaler_Type
                0x00000000       0xb4 MCAL/TIMER/Program/Timer_Program.o
 .progmem.gcc_sw_table.Timer0_Update_Prescaler_Type
                0x00000000       0x10 MCAL/TIMER/Program/Timer_Program.o
 .text.Timer0_Initilization
                0x00000000       0x1e MCAL/TIMER/Program/Timer_Program.o
 .text.Timer0_Read_CounterReg
                0x00000000        0x4 MCAL/TIMER/Program/Timer_Program.o
 .text.Timer0_OV_InterruptEnable
                0x00000000        0x8 MCAL/TIMER/Program/Timer_Program.o
 .text.Timer0_OV_InterruptDisable
                0x00000000        0x8 MCAL/TIMER/Program/Timer_Program.o
 .text.Timer0_OC_InterruptEnable
                0x00000000        0x8 MCAL/TIMER/Program/Timer_Program.o
 .text.Timer0_OC_InterruptDisable
                0x00000000        0x8 MCAL/TIMER/Program/Timer_Program.o
 .text.Timer2_Update_CounterReg
                0x00000000        0x4 MCAL/TIMER/Program/Timer_Program.o
 .text.Timer2_Update_CompareReg
                0x00000000        0x4 MCAL/TIMER/Program/Timer_Program.o
 .text.Timer2_Update_AS_mode
                0x00000000       0x1a MCAL/TIMER/Program/Timer_Program.o
 .text.Timer2_Update_Timer_Mode
                0x00000000       0x48 MCAL/TIMER/Program/Timer_Program.o
 .text.Timer2_Update_OC_Mode
                0x00000000       0x66 MCAL/TIMER/Program/Timer_Program.o
 .text.Timer2_Update_Prescaler_Type
                0x00000000       0xb4 MCAL/TIMER/Program/Timer_Program.o
 .progmem.gcc_sw_table.Timer2_Update_Prescaler_Type
                0x00000000       0x10 MCAL/TIMER/Program/Timer_Program.o
 .text.Timer2_Initilization
                0x00000000       0x1e MCAL/TIMER/Program/Timer_Program.o
 .text.Timer2_OV_InterruptEnable
                0x00000000        0x8 MCAL/TIMER/Program/Timer_Program.o
 .text.Timer2_OV_InterruptDisable
                0x00000000        0x8 MCAL/TIMER/Program/Timer_Program.o
 .text.Timer2_OC_InterruptEnable
                0x00000000        0x8 MCAL/TIMER/Program/Timer_Program.o
 .text.Timer2_OC_InterruptDisable
                0x00000000        0x8 MCAL/TIMER/Program/Timer_Program.o
 .text.Timer1_Update_CounterReg
                0x00000000        0x6 MCAL/TIMER/Program/Timer_Program.o
 .text.Timer1_Update_CompareReg_A
                0x00000000        0x6 MCAL/TIMER/Program/Timer_Program.o
 .text.Timer1_Update_CompareReg_B
                0x00000000        0x6 MCAL/TIMER/Program/Timer_Program.o
 .text.Timer1_Update_OCR1B
                0x00000000        0x6 MCAL/TIMER/Program/Timer_Program.o
 .text.Timer1_OV_InterruptEnable
                0x00000000        0x8 MCAL/TIMER/Program/Timer_Program.o
 .text.Timer1_OV_InterruptDisable
                0x00000000        0x8 MCAL/TIMER/Program/Timer_Program.o
 .text.Timer1_OCA_InterruptEnable
                0x00000000        0x8 MCAL/TIMER/Program/Timer_Program.o
 .text.Timer1_OCA_InterruptDisable
                0x00000000        0x8 MCAL/TIMER/Program/Timer_Program.o
 .text.Timer1_OCB_InterruptEnable
                0x00000000        0x8 MCAL/TIMER/Program/Timer_Program.o
 .text.Timer1_OCB_InterruptDisable
                0x00000000        0x8 MCAL/TIMER/Program/Timer_Program.o
 .text.Timer1_IC_InterruptEnable
                0x00000000        0x8 MCAL/TIMER/Program/Timer_Program.o
 .text.Timer1_IC_InterruptDisable
                0x00000000        0x8 MCAL/TIMER/Program/Timer_Program.o
 .text.Timer1_IC_EdgeSelect
                0x00000000       0x1a MCAL/TIMER/Program/Timer_Program.o
 .text.Timer1_IC_NoiseCancler_Enable
                0x00000000        0x8 MCAL/TIMER/Program/Timer_Program.o
 .text.Timer1_IC_NoiseCancler_Disable
                0x00000000        0x8 MCAL/TIMER/Program/Timer_Program.o
 .text          0x00000000        0x0 c:/program files (x86)/atmel/studio/7.0/toolchain/avr8/avr8-gnu-toolchain/bin/../lib/gcc/avr/5.4.0/avr5\libgcc.a(_udivmodsi4.o)
 .data          0x00000000        0x0 c:/program files (x86)/atmel/studio/7.0/toolchain/avr8/avr8-gnu-toolchain/bin/../lib/gcc/avr/5.4.0/avr5\libgcc.a(_udivmodsi4.o)
 .bss           0x00000000        0x0 c:/program files (x86)/atmel/studio/7.0/toolchain/avr8/avr8-gnu-toolchain/bin/../lib/gcc/avr/5.4.0/avr5\libgcc.a(_udivmodsi4.o)
 .text.libgcc.mul
                0x00000000        0x0 c:/program files (x86)/atmel/studio/7.0/toolchain/avr8/avr8-gnu-toolchain/bin/../lib/gcc/avr/5.4.0/avr5\libgcc.a(_udivmodsi4.o)
 .text.libgcc.div
                0x00000000       0x44 c:/program files (x86)/atmel/studio/7.0/toolchain/avr8/avr8-gnu-toolchain/bin/../lib/gcc/avr/5.4.0/avr5\libgcc.a(_udivmodsi4.o)
 .text.libgcc   0x00000000        0x0 c:/program files (x86)/atmel/studio/7.0/toolchain/avr8/avr8-gnu-toolchain/bin/../lib/gcc/avr/5.4.0/avr5\libgcc.a(_udivmodsi4.o)
 .text.libgcc.prologue
                0x00000000        0x0 c:/program files (x86)/atmel/studio/7.0/toolchain/avr8/avr8-gnu-toolchain/bin/../lib/gcc/avr/5.4.0/avr5\libgcc.a(_udivmodsi4.o)
 .text.libgcc.builtins
                0x00000000        0x0 c:/program files (x86)/atmel/studio/7.0/toolchain/avr8/avr8-gnu-toolchain/bin/../lib/gcc/avr/5.4.0/avr5\libgcc.a(_udivmodsi4.o)
 .text.libgcc.fmul
                0x00000000        0x0 c:/program files (x86)/atmel/studio/7.0/toolchain/avr8/avr8-gnu-toolchain/bin/../lib/gcc/avr/5.4.0/avr5\libgcc.a(_udivmodsi4.o)
 .text.libgcc.fixed
                0x00000000        0x0 c:/program files (x86)/atmel/studio/7.0/toolchain/avr8/avr8-gnu-toolchain/bin/../lib/gcc/avr/5.4.0/avr5\libgcc.a(_udivmodsi4.o)
 .text          0x00000000        0x0 c:/program files (x86)/atmel/studio/7.0/toolchain/avr8/avr8-gnu-toolchain/bin/../lib/gcc/avr/5.4.0/avr5\libgcc.a(_exit.o)
 .data          0x00000000        0x0 c:/program files (x86)/atmel/studio/7.0/toolchain/avr8/avr8-gnu-toolchain/bin/../lib/gcc/avr/5.4.0/avr5\libgcc.a(_exit.o)
 .bss           0x00000000        0x0 c:/program files (x86)/atmel/studio/7.0/toolchain/avr8/avr8-gnu-toolchain/bin/../lib/gcc/avr/5.4.0/avr5\libgcc.a(_exit.o)
 .text.libgcc.mul
                0x00000000        0x0 c:/program files (x86)/atmel/studio/7.0/toolchain/avr8/avr8-gnu-toolchain/bin/../lib/gcc/avr/5.4.0/avr5\libgcc.a(_exit.o)
 .text.libgcc.div
                0x00000000        0x0 c:/program files (x86)/atmel/studio/7.0/toolchain/avr8/avr8-gnu-toolchain/bin/../lib/gcc/avr/5.4.0/avr5\libgcc.a(_exit.o)
 .text.libgcc   0x00000000        0x0 c:/program files (x86)/atmel/studio/7.0/toolchain/avr8/avr8-gnu-toolchain/bin/../lib/gcc/avr/5.4.0/avr5\libgcc.a(_exit.o)
 .text.libgcc.prologue
                0x00000000        0x0 c:/program files (x86)/atmel/studio/7.0/toolchain/avr8/avr8-gnu-toolchain/bin/../lib/gcc/avr/5.4.0/avr5\libgcc.a(_exit.o)
 .text.libgcc.builtins
                0x00000000        0x0 c:/program files (x86)/atmel/studio/7.0/toolchain/avr8/avr8-gnu-toolchain/bin/../lib/gcc/avr/5.4.0/avr5\libgcc.a(_exit.o)
 .text.libgcc.fmul
                0x00000000        0x0 c:/program files (x86)/atmel/studio/7.0/toolchain/avr8/avr8-gnu-toolchain/bin/../lib/gcc/avr/5.4.0/avr5\libgcc.a(_exit.o)
 .text.libgcc.fixed
                0x00000000        0x0 c:/program files (x86)/atmel/studio/7.0/toolchain/avr8/avr8-gnu-toolchain/bin/../lib/gcc/avr/5.4.0/avr5\libgcc.a(_exit.o)
 .text          0x00000000        0x0 c:/program files (x86)/atmel/studio/7.0/toolchain/avr8/avr8-gnu-toolchain/bin/../lib/gcc/avr/5.4.0/avr5\libgcc.a(_tablejump2.o)
 .data          0x00000000        0x0 c:/program files (x86)/atmel/studio/7.0/toolchain/avr8/avr8-gnu-toolchain/bin/../lib/gcc/avr/5.4.0/avr5\libgcc.a(_tablejump2.o)
 .bss           0x00000000        0x0 c:/program files (x86)/atmel/studio/7.0/toolchain/avr8/avr8-gnu-toolchain/bin/../lib/gcc/avr/5.4.0/avr5\libgcc.a(_tablejump2.o)
 .text.libgcc.mul
                0x00000000        0x0 c:/program files (x86)/atmel/studio/7.0/toolchain/avr8/avr8-gnu-toolchain/bin/../lib/gcc/avr/5.4.0/avr5\libgcc.a(_tablejump2.o)
 .text.libgcc.div
                0x00000000        0x0 c:/program files (x86)/atmel/studio/7.0/toolchain/avr8/avr8-gnu-toolchain/bin/../lib/gcc/avr/5.4.0/avr5\libgcc.a(_tablejump2.o)
 .text.libgcc.prologue
                0x00000000        0x0 c:/program files (x86)/atmel/studio/7.0/toolchain/avr8/avr8-gnu-toolchain/bin/../lib/gcc/avr/5.4.0/avr5\libgcc.a(_tablejump2.o)
 .text.libgcc.builtins
                0x00000000        0x0 c:/program files (x86)/atmel/studio/7.0/toolchain/avr8/avr8-gnu-toolchain/bin/../lib/gcc/avr/5.4.0/avr5\libgcc.a(_tablejump2.o)
 .text.libgcc.fmul
                0x00000000        0x0 c:/program files (x86)/atmel/studio/7.0/toolchain/avr8/avr8-gnu-toolchain/bin/../lib/gcc/avr/5.4.0/avr5\libgcc.a(_tablejump2.o)
 .text.libgcc.fixed
                0x00000000        0x0 c:/program files (x86)/atmel/studio/7.0/toolchain/avr8/avr8-gnu-toolchain/bin/../lib/gcc/avr/5.4.0/avr5\libgcc.a(_tablejump2.o)
 .text          0x00000000        0x0 c:/program files (x86)/atmel/studio/7.0/toolchain/avr8/avr8-gnu-toolchain/bin/../lib/gcc/avr/5.4.0/avr5\libgcc.a(_copy_data.o)
 .data          0x00000000        0x0 c:/program files (x86)/atmel/studio/7.0/toolchain/avr8/avr8-gnu-toolchain/bin/../lib/gcc/avr/5.4.0/avr5\libgcc.a(_copy_data.o)
 .bss           0x00000000        0x0 c:/program files (x86)/atmel/studio/7.0/toolchain/avr8/avr8-gnu-toolchain/bin/../lib/gcc/avr/5.4.0/avr5\libgcc.a(_copy_data.o)
 .text.libgcc.mul
                0x00000000        0x0 c:/program files (x86)/atmel/studio/7.0/toolchain/avr8/avr8-gnu-toolchain/bin/../lib/gcc/avr/5.4.0/avr5\libgcc.a(_copy_data.o)
 .text.libgcc.div
                0x00000000        0x0 c:/program files (x86)/atmel/studio/7.0/toolchain/avr8/avr8-gnu-toolchain/bin/../lib/gcc/avr/5.4.0/avr5\libgcc.a(_copy_data.o)
 .text.libgcc   0x00000000        0x0 c:/program files (x86)/atmel/studio/7.0/toolchain/avr8/avr8-gnu-toolchain/bin/../lib/gcc/avr/5.4.0/avr5\libgcc.a(_copy_data.o)
 .text.libgcc.prologue
                0x00000000        0x0 c:/program files (x86)/atmel/studio/7.0/toolchain/avr8/avr8-gnu-toolchain/bin/../lib/gcc/avr/5.4.0/avr5\libgcc.a(_copy_data.o)
 .text.libgcc.builtins
                0x00000000        0x0 c:/program files (x86)/atmel/studio/7.0/toolchain/avr8/avr8-gnu-toolchain/bin/../lib/gcc/avr/5.4.0/avr5\libgcc.a(_copy_data.o)
 .text.libgcc.fmul
                0x00000000        0x0 c:/program files (x86)/atmel/studio/7.0/toolchain/avr8/avr8-gnu-toolchain/bin/../lib/gcc/avr/5.4.0/avr5\libgcc.a(_copy_data.o)
 .text.libgcc.fixed
                0x00000000        0x0 c:/program files (x86)/atmel/studio/7.0/toolchain/avr8/avr8-gnu-toolchain/bin/../lib/gcc/avr/5.4.0/avr5\libgcc.a(_copy_data.o)
 .text          0x00000000        0x0 c:/program files (x86)/atmel/studio/7.0/toolchain/avr8/avr8-gnu-toolchain/bin/../lib/gcc/avr/5.4.0/avr5\libgcc.a(_clear_bss.o)
 .data          0x00000000        0x0 c:/program files (x86)/atmel/studio/7.0/toolchain/avr8/avr8-gnu-toolchain/bin/../lib/gcc/avr/5.4.0/avr5\libgcc.a(_clear_bss.o)
 .bss           0x00000000        0x0 c:/program files (x86)/atmel/studio/7.0/toolchain/avr8/avr8-gnu-toolchain/bin/../lib/gcc/avr/5.4.0/avr5\libgcc.a(_clear_bss.o)
 .text.libgcc.mul
                0x00000000        0x0 c:/program files (x86)/atmel/studio/7.0/toolchain/avr8/avr8-gnu-toolchain/bin/../lib/gcc/avr/5.4.0/avr5\libgcc.a(_clear_bss.o)
 .text.libgcc.div
                0x00000000        0x0 c:/program files (x86)/atmel/studio/7.0/toolchain/avr8/avr8-gnu-toolchain/bin/../lib/gcc/avr/5.4.0/avr5\libgcc.a(_clear_bss.o)
 .text.libgcc   0x00000000        0x0 c:/program files (x86)/atmel/studio/7.0/toolchain/avr8/avr8-gnu-toolchain/bin/../lib/gcc/avr/5.4.0/avr5\libgcc.a(_clear_bss.o)
 .text.libgcc.prologue
                0x00000000        0x0 c:/program files (x86)/atmel/studio/7.0/toolchain/avr8/avr8-gnu-toolchain/bin/../lib/gcc/avr/5.4.0/avr5\libgcc.a(_clear_bss.o)
 .text.libgcc.builtins
                0x00000000        0x0 c:/program files (x86)/atmel/studio/7.0/toolchain/avr8/avr8-gnu-toolchain/bin/../lib/gcc/avr/5.4.0/avr5\libgcc.a(_clear_bss.o)
 .text.libgcc.fmul
                0x00000000        0x0 c:/program files (x86)/atmel/studio/7.0/toolchain/avr8/avr8-gnu-toolchain/bin/../lib/gcc/avr/5.4.0/avr5\libgcc.a(_clear_bss.o)
 .text.libgcc.fixed
                0x00000000        0x0 c:/program files (x86)/atmel/studio/7.0/toolchain/avr8/avr8-gnu-toolchain/bin/../lib/gcc/avr/5.4.0/avr5\libgcc.a(_clear_bss.o)
 .text          0x00000000        0x0 c:/program files (x86)/atmel/studio/7.0/toolchain/avr8/avr8-gnu-toolchain/bin/../lib/gcc/avr/5.4.0/avr5\libgcc.a(_umulhisi3.o)
 .data          0x00000000        0x0 c:/program files (x86)/atmel/studio/7.0/toolchain/avr8/avr8-gnu-toolchain/bin/../lib/gcc/avr/5.4.0/avr5\libgcc.a(_umulhisi3.o)
 .bss           0x00000000        0x0 c:/program files (x86)/atmel/studio/7.0/toolchain/avr8/avr8-gnu-toolchain/bin/../lib/gcc/avr/5.4.0/avr5\libgcc.a(_umulhisi3.o)
 .text.libgcc.mul
                0x00000000       0x1e c:/program files (x86)/atmel/studio/7.0/toolchain/avr8/avr8-gnu-toolchain/bin/../lib/gcc/avr/5.4.0/avr5\libgcc.a(_umulhisi3.o)
 .text.libgcc.div
                0x00000000        0x0 c:/program files (x86)/atmel/studio/7.0/toolchain/avr8/avr8-gnu-toolchain/bin/../lib/gcc/avr/5.4.0/avr5\libgcc.a(_umulhisi3.o)
 .text.libgcc   0x00000000        0x0 c:/program files (x86)/atmel/studio/7.0/toolchain/avr8/avr8-gnu-toolchain/bin/../lib/gcc/avr/5.4.0/avr5\libgcc.a(_umulhisi3.o)
 .text.libgcc.prologue
                0x00000000        0x0 c:/program files (x86)/atmel/studio/7.0/toolchain/avr8/avr8-gnu-toolchain/bin/../lib/gcc/avr/5.4.0/avr5\libgcc.a(_umulhisi3.o)
 .text.libgcc.builtins
                0x00000000        0x0 c:/program files (x86)/atmel/studio/7.0/toolchain/avr8/avr8-gnu-toolchain/bin/../lib/gcc/avr/5.4.0/avr5\libgcc.a(_umulhisi3.o)
 .text.libgcc.fmul
                0x00000000        0x0 c:/program files (x86)/atmel/studio/7.0/toolchain/avr8/avr8-gnu-toolchain/bin/../lib/gcc/avr/5.4.0/avr5\libgcc.a(_umulhisi3.o)
 .text.libgcc.fixed
                0x00000000        0x0 c:/program files (x86)/atmel/studio/7.0/toolchain/avr8/avr8-gnu-toolchain/bin/../lib/gcc/avr/5.4.0/avr5\libgcc.a(_umulhisi3.o)
 .text          0x00000000        0x0 c:/program files (x86)/atmel/studio/7.0/toolchain/avr8/avr8-gnu-toolchain/bin/../lib/gcc/avr/5.4.0/avr5\libgcc.a(_adddi3_s8.o)
 .data          0x00000000        0x0 c:/program files (x86)/atmel/studio/7.0/toolchain/avr8/avr8-gnu-toolchain/bin/../lib/gcc/avr/5.4.0/avr5\libgcc.a(_adddi3_s8.o)
 .bss           0x00000000        0x0 c:/program files (x86)/atmel/studio/7.0/toolchain/avr8/avr8-gnu-toolchain/bin/../lib/gcc/avr/5.4.0/avr5\libgcc.a(_adddi3_s8.o)
 .text.libgcc.mul
                0x00000000        0x0 c:/program files (x86)/atmel/studio/7.0/toolchain/avr8/avr8-gnu-toolchain/bin/../lib/gcc/avr/5.4.0/avr5\libgcc.a(_adddi3_s8.o)
 .text.libgcc.div
                0x00000000        0x0 c:/program files (x86)/atmel/studio/7.0/toolchain/avr8/avr8-gnu-toolchain/bin/../lib/gcc/avr/5.4.0/avr5\libgcc.a(_adddi3_s8.o)
 .text.libgcc.prologue
                0x00000000        0x0 c:/program files (x86)/atmel/studio/7.0/toolchain/avr8/avr8-gnu-toolchain/bin/../lib/gcc/avr/5.4.0/avr5\libgcc.a(_adddi3_s8.o)
 .text.libgcc.builtins
                0x00000000        0x0 c:/program files (x86)/atmel/studio/7.0/toolchain/avr8/avr8-gnu-toolchain/bin/../lib/gcc/avr/5.4.0/avr5\libgcc.a(_adddi3_s8.o)
 .text.libgcc.fmul
                0x00000000        0x0 c:/program files (x86)/atmel/studio/7.0/toolchain/avr8/avr8-gnu-toolchain/bin/../lib/gcc/avr/5.4.0/avr5\libgcc.a(_adddi3_s8.o)
 .text.libgcc.fixed
                0x00000000        0x0 c:/program files (x86)/atmel/studio/7.0/toolchain/avr8/avr8-gnu-toolchain/bin/../lib/gcc/avr/5.4.0/avr5\libgcc.a(_adddi3_s8.o)

Memory Configuration

Name             Origin             Length             Attributes
text             0x00000000         0x00008000         xr
data             0x00800060         0x00000800         rw !x
eeprom           0x00810000         0x00000400         rw !x
fuse             0x00820000         0x00000002         rw !x
lock             0x00830000         0x00000400         rw !x
signature        0x00840000         0x00000400         rw !x
user_signatures  0x00850000         0x00000400         rw !x
*default*        0x00000000         0xffffffff

Linker script and memory map

LOAD C:/Program Files (x86)/Atmel/Studio/7.0/Packs/atmel/ATmega_DFP/1.7.374/gcc/dev/atmega32/avr5/crtatmega32.o
LOAD APP/main.o
LOAD APP/PARKING/Program/Parking.o
LOAD APP/SEARCHING/Program/Searching.o
LOAD APP/UN_PARKING/Program/UnParking.o
LOAD HAL/ALCOHOL/Program/ALCOHOL_Program.o
LOAD HAL/BUZZER/Program/BUZZER_Program.o
LOAD HAL/DC_MOTOR/Program/DC_MOTOR_Program.o
LOAD HAL/DOOR/Program/DOOR_Program.o
LOAD HAL/IR/Program/IR_Program.o
LOAD HAL/LCD/Program/LCD_Program.o
LOAD HAL/LED/Program/LED_Program.o
LOAD HAL/SERVO_MOTOR/Program/SERVO_MOTOR_Program.o
LOAD HAL/ULTRA_SONIC/Program/ULTRASONIC_Program.o
LOAD MCAL/DIO/Program/DIO_Program.o
LOAD MCAL/TIMER/Program/Timer_Program.o
START GROUP
LOAD c:/program files (x86)/atmel/studio/7.0/toolchain/avr8/avr8-gnu-toolchain/bin/../lib/gcc/avr/5.4.0/../../../../avr/lib/avr5\libm.a
END GROUP
START GROUP
LOAD c:/program files (x86)/atmel/studio/7.0/toolchain/avr8/avr8-gnu-toolchain/bin/../lib/gcc/avr/5.4.0/avr5\libgcc.a
LOAD c:/program files (x86)/atmel/studio/7.0/toolchain/avr8/avr8-gnu-toolchain/bin/../lib/gcc/avr/5.4.0/../../../../avr/lib/avr5\libm.a
LOAD c:/program files (x86)/atmel/studio/7.0/toolchain/avr8/avr8-gnu-toolchain/bin/../lib/gcc/avr/5.4.0/../../../../avr/lib/avr5\libc.a
LOAD C:/Program Files (x86)/Atmel/Studio/7.0/Packs/atmel/ATmega_DFP/1.7.374/gcc/dev/atmega32/avr5\libatmega32.a
END GROUP
                0x00000000                __TEXT_REGION_ORIGIN__ = DEFINED (__TEXT_REGION_ORIGIN__)?__TEXT_REGION_ORIGIN__:0x0
                [0x00800060]                __DATA_REGION_ORIGIN__ = DEFINED (__DATA_REGION_ORIGIN__)?__DATA_REGION_ORIGIN__:0x800060
                [0x00008000]                __TEXT_REGION_LENGTH__ = DEFINED (__TEXT_REGION_LENGTH__)?__TEXT_REGION_LENGTH__:0x20000
                [0x00000800]                __DATA_REGION_LENGTH__ = DEFINED (__DATA_REGION_LENGTH__)?__DATA_REGION_LENGTH__:0xffa0
                [0x00000400]                __EEPROM_REGION_LENGTH__ = DEFINED (__EEPROM_REGION_LENGTH__)?__EEPROM_REGION_LENGTH__:0x10000
                [0x00000002]                __FUSE_REGION_LENGTH__ = DEFINED (__FUSE_REGION_LENGTH__)?__FUSE_REGION_LENGTH__:0x400
                0x00000400                __LOCK_REGION_LENGTH__ = DEFINED (__LOCK_REGION_LENGTH__)?__LOCK_REGION_LENGTH__:0x400
                0x00000400                __SIGNATURE_REGION_LENGTH__ = DEFINED (__SIGNATURE_REGION_LENGTH__)?__SIGNATURE_REGION_LENGTH__:0x400
                0x00000400                __USER_SIGNATURE_REGION_LENGTH__ = DEFINED (__USER_SIGNATURE_REGION_LENGTH__)?__USER_SIGNATURE_REGION_LENGTH__:0x400

.hash
 *(.hash)

.dynsym
 *(.dynsym)

.dynstr
 *(.dynstr)

.gnu.version
 *(.gnu.version)

.gnu.version_d
 *(.gnu.version_d)

.gnu.version_r
 *(.gnu.version_r)

.rel.init
 *(.rel.init)

.rela.init
 *(.rela.init)

.rel.text
 *(.rel.text)
 *(.rel.text.*)
 *(.rel.gnu.linkonce.t*)

.rela.text
 *(.rela.text)
 *(.rela.text.*)
 *(.rela.gnu.linkonce.t*)

.rel.fini
 *(.rel.fini)

.rela.fini
 *(.rela.fini)

.rel.rodata
 *(.rel.rodata)
 *(.rel.rodata.*)
 *(.rel.gnu.linkonce.r*)

.rela.rodata
 *(.rela.rodata)
 *(.rela.rodata.*)
 *(.rela.gnu.linkonce.r*)

.rel.data
 *(.rel.data)
 *(.rel.data.*)
 *(.rel.gnu.linkonce.d*)

.rela.data
 *(.rela.data)
 *(.rela.data.*)
 *(.rela.gnu.linkonce.d*)

.rel.ctors
 *(.rel.ctors)

.rela.ctors
 *(.rela.ctors)

.rel.dtors
 *(.rel.dtors)

.rela.dtors
 *(.rela.dtors)

.rel.got
 *(.rel.got)

.rela.got
 *(.rela.got)

.rel.bss
 *(.rel.bss)

.rela.bss
 *(.rela.bss)

.rel.plt
 *(.rel.plt)

.rela.plt
 *(.rela.plt)

.text           0x00000000      0x85a
 *(.vectors)
 .vectors       0x00000000       0x54 C:/Program Files (x86)/Atmel/Studio/7.0/Packs/atmel/ATmega_DFP/1.7.374/gcc/dev/atmega32/avr5/crtatmega32.o
                0x00000000                __vector_default
                0x00000000                __vectors
 *(.vectors)
 *(.progmem.gcc*)
 .progmem.gcc_sw_table.Timer1_Update_Timer_Mode
                0x00000054       0x1e MCAL/TIMER/Program/Timer_Program.o
 .progmem.gcc_sw_table.Timer1_Update_Prescaler_Type
                0x00000072       0x10 MCAL/TIMER/Program/Timer_Program.o
                0x00000082                . = ALIGN (0x2)
                0x00000082                __trampolines_start = .
 *(.trampolines)
 .trampolines   0x00000082        0x0 linker stubs
 *(.trampolines*)
                0x00000082                __trampolines_end = .
 *libprintf_flt.a:*(.progmem.data)
 *libc.a:*(.progmem.data)
 *(.progmem*)
                0x00000082                . = ALIGN (0x2)
 *(.jumptables)
 *(.jumptables*)
 *(.lowtext)
 *(.lowtext*)
                0x00000082                __ctors_start = .
 *(.ctors)
                0x00000082                __ctors_end = .
                0x00000082                __dtors_start = .
 *(.dtors)
                0x00000082                __dtors_end = .
 SORT(*)(.ctors)
 SORT(*)(.dtors)
 *(.init0)
 .init0         0x00000082        0x0 C:/Program Files (x86)/Atmel/Studio/7.0/Packs/atmel/ATmega_DFP/1.7.374/gcc/dev/atmega32/avr5/crtatmega32.o
                0x00000082                __init
 *(.init0)
 *(.init1)
 *(.init1)
 *(.init2)
 .init2         0x00000082        0xc C:/Program Files (x86)/Atmel/Studio/7.0/Packs/atmel/ATmega_DFP/1.7.374/gcc/dev/atmega32/avr5/crtatmega32.o
 *(.init2)
 *(.init3)
 *(.init3)
 *(.init4)
 .init4         0x0000008e       0x16 c:/program files (x86)/atmel/studio/7.0/toolchain/avr8/avr8-gnu-toolchain/bin/../lib/gcc/avr/5.4.0/avr5\libgcc.a(_copy_data.o)
                0x0000008e                __do_copy_data
 .init4         0x000000a4       0x10 c:/program files (x86)/atmel/studio/7.0/toolchain/avr8/avr8-gnu-toolchain/bin/../lib/gcc/avr/5.4.0/avr5\libgcc.a(_clear_bss.o)
                0x000000a4                __do_clear_bss
 *(.init4)
 *(.init5)
 *(.init5)
 *(.init6)
 *(.init6)
 *(.init7)
 *(.init7)
 *(.init8)
 *(.init8)
 *(.init9)
 .init9         0x000000b4        0x8 C:/Program Files (x86)/Atmel/Studio/7.0/Packs/atmel/ATmega_DFP/1.7.374/gcc/dev/atmega32/avr5/crtatmega32.o
 *(.init9)
 *(.text)
 .text          0x000000bc        0x4 C:/Program Files (x86)/Atmel/Studio/7.0/Packs/atmel/ATmega_DFP/1.7.374/gcc/dev/atmega32/avr5/crtatmega32.o
                0x000000bc                __vector_1
                0x000000bc                __vector_12
                0x000000bc                __bad_interrupt
                0x000000bc                __vector_6
                0x000000bc                __vector_3
                0x000000bc                __vector_13
                0x000000bc                __vector_17
                0x000000bc                __vector_19
                0x000000bc                __vector_7
                0x000000bc                __vector_5
                0x000000bc                __vector_4
                0x000000bc                __vector_9
                0x000000bc                __vector_2
                0x000000bc                __vector_15
                0x000000bc                __vector_8
                0x000000bc                __vector_14
                0x000000bc                __vector_10
                0x000000bc                __vector_16
                0x000000bc                __vector_18
                0x000000bc                __vector_20
                0x000000c0                . = ALIGN (0x2)
 *(.text.*)
 .text.main     0x000000c0       0x20 APP/main.o
                0x000000c0                main
 .text.UnParking
                0x000000e0      0x11c APP/UN_PARKING/Program/UnParking.o
                0x000000e0                UnParking
 .text.DC_MOTOR_Initilization
                0x000001fc       0x16 HAL/DC_MOTOR/Program/DC_MOTOR_Program.o
                0x000001fc                DC_MOTOR_Initilization
 .text.DC_MOTOR_RunClkWise
                0x00000212       0x16 HAL/DC_MOTOR/Program/DC_MOTOR_Program.o
                0x00000212                DC_MOTOR_RunClkWise
 .text.DC_MOTOR_RunAntiClkWise
                0x00000228       0x16 HAL/DC_MOTOR/Program/DC_MOTOR_Program.o
                0x00000228                DC_MOTOR_RunAntiClkWise
 .text.DC_MOTOR_Stop
                0x0000023e       0x16 HAL/DC_MOTOR/Program/DC_MOTOR_Program.o
                0x0000023e                DC_MOTOR_Stop
 .text.SERVO_MOTOR_SetAngle
                0x00000254       0x2e HAL/SERVO_MOTOR/Program/SERVO_MOTOR_Program.o
 .text.SERVO_MOTOR_Initilization
                0x00000282       0x16 HAL/SERVO_MOTOR/Program/SERVO_MOTOR_Program.o
                0x00000282                SERVO_MOTOR_Initilization
 .text.SERVO_MOTOR_Vertical
                0x00000298        0x8 HAL/SERVO_MOTOR/Program/SERVO_MOTOR_Program.o
                0x00000298                SERVO_MOTOR_Vertical
 .text.SERVO_MOTOR_TurnRight
                0x000002a0        0x8 HAL/SERVO_MOTOR/Program/SERVO_MOTOR_Program.o
                0x000002a0                SERVO_MOTOR_TurnRight
 .text.SERVO_MOTOR_TurnLeft
                0x000002a8        0x8 HAL/SERVO_MOTOR/Program/SERVO_MOTOR_Program.o
                0x000002a8                SERVO_MOTOR_TurnLeft
 .text.__vector_11
                0x000002b0       0x7e HAL/ULTRA_SONIC/Program/ULTRASONIC_Program.o
                0x000002b0                __vector_11
 .text.DIO_SetPinDirection
                0x0000032e       0xda MCAL/DIO/Program/DIO_Program.o
                0x0000032e                DIO_SetPinDirection
 .text.DIO_SetPinValue
                0x00000408       0xda MCAL/DIO/Program/DIO_Program.o
                0x00000408                DIO_SetPinValue
 .text.Timer1_Update_Timer_Mode
                0x000004e2      0x19a MCAL/TIMER/Program/Timer_Program.o
                0x000004e2                Timer1_Update_Timer_Mode
 .text.Timer1_Update_Prescaler_Type
                0x0000067c       0xb4 MCAL/TIMER/Program/Timer_Program.o
                0x0000067c                Timer1_Update_Prescaler_Type
 .text.Timer1_Update_OCA_Mode
                0x00000730       0x66 MCAL/TIMER/Program/Timer_Program.o
                0x00000730                Timer1_Update_OCA_Mode
 .text.Timer1_Update_OCB_Mode
                0x00000796       0x66 MCAL/TIMER/Program/Timer_Program.o
                0x00000796                Timer1_Update_OCB_Mode
 .text.Timer1_Initilization
                0x000007fc       0x2a MCAL/TIMER/Program/Timer_Program.o
                0x000007fc                Timer1_Initilization
 .text.Timer1_Update_OCR1A
                0x00000826        0x6 MCAL/TIMER/Program/Timer_Program.o
                0x00000826                Timer1_Update_OCR1A
 .text.Timer1_Update_ICR1
                0x0000082c        0x6 MCAL/TIMER/Program/Timer_Program.o
                0x0000082c                Timer1_Update_ICR1
 .text.libgcc   0x00000832        0xc c:/program files (x86)/atmel/studio/7.0/toolchain/avr8/avr8-gnu-toolchain/bin/../lib/gcc/avr/5.4.0/avr5\libgcc.a(_tablejump2.o)
                0x00000832                __tablejump2__
 .text.libgcc   0x0000083e       0x18 c:/program files (x86)/atmel/studio/7.0/toolchain/avr8/avr8-gnu-toolchain/bin/../lib/gcc/avr/5.4.0/avr5\libgcc.a(_adddi3_s8.o)
                0x0000083e                __adddi3_s8
                0x00000856                . = ALIGN (0x2)
 *(.fini9)
 .fini9         0x00000856        0x0 c:/program files (x86)/atmel/studio/7.0/toolchain/avr8/avr8-gnu-toolchain/bin/../lib/gcc/avr/5.4.0/avr5\libgcc.a(_exit.o)
                0x00000856                _exit
                0x00000856                exit
 *(.fini9)
 *(.fini8)
 *(.fini8)
 *(.fini7)
 *(.fini7)
 *(.fini6)
 *(.fini6)
 *(.fini5)
 *(.fini5)
 *(.fini4)
 *(.fini4)
 *(.fini3)
 *(.fini3)
 *(.fini2)
 *(.fini2)
 *(.fini1)
 *(.fini1)
 *(.fini0)
 .fini0         0x00000856        0x4 c:/program files (x86)/atmel/studio/7.0/toolchain/avr8/avr8-gnu-toolchain/bin/../lib/gcc/avr/5.4.0/avr5\libgcc.a(_exit.o)
 *(.fini0)
                0x0000085a                _etext = .

.data           0x00800060        0x0 load address 0x0000085a
                0x00800060                PROVIDE (__data_start, .)
 *(.data)
 *(.data*)
 *(.gnu.linkonce.d*)
 *(.rodata)
 *(.rodata*)
 *(.gnu.linkonce.r*)
                0x00800060                . = ALIGN (0x2)
                0x00800060                _edata = .
                0x00800060                PROVIDE (__data_end, .)

.bss            0x00800060        0x8
                0x00800060                PROVIDE (__bss_start, .)
 *(.bss)
 *(.bss*)
 .bss.Num_Of_OV
                0x00800060        0x8 HAL/ULTRA_SONIC/Program/ULTRASONIC_Program.o
                0x00800060                Num_Of_OV
 *(COMMON)
                0x00800068                PROVIDE (__bss_end, .)
                0x0000085a                __data_load_start = LOADADDR (.data)
                0x0000085a                __data_load_end = (__data_load_start + SIZEOF (.data))

.noinit         0x00800068        0x0
                [!provide]                PROVIDE (__noinit_start, .)
 *(.noinit*)
                [!provide]                PROVIDE (__noinit_end, .)
                0x00800068                _end = .
                [!provide]                PROVIDE (__heap_start, .)

.eeprom         0x00810000        0x0
 *(.eeprom*)
                0x00810000                __eeprom_end = .

.fuse
 *(.fuse)
 *(.lfuse)
 *(.hfuse)
 *(.efuse)

.lock
 *(.lock*)

.signature
 *(.signature*)

.user_signatures
 *(.user_signatures*)

.stab
 *(.stab)

.stabstr
 *(.stabstr)

.stab.excl
 *(.stab.excl)

.stab.exclstr
 *(.stab.exclstr)

.stab.index
 *(.stab.index)

.stab.indexstr
 *(.stab.indexstr)

.comment        0x00000000       0x30
 *(.comment)
 .comment       0x00000000       0x30 APP/main.o
                                 0x31 (size before relaxing)
 .comment       0x00000030       0x31 APP/UN_PARKING/Program/UnParking.o
 .comment       0x00000030       0x31 HAL/DC_MOTOR/Program/DC_MOTOR_Program.o
 .comment       0x00000030       0x31 HAL/SERVO_MOTOR/Program/SERVO_MOTOR_Program.o
 .comment       0x00000030       0x31 HAL/ULTRA_SONIC/Program/ULTRASONIC_Program.o
 .comment       0x00000030       0x31 MCAL/DIO/Program/DIO_Program.o
 .comment       0x00000030       0x31 MCAL/TIMER/Program/Timer_Program.o

.note.gnu.avr.deviceinfo
                0x00000000       0x3c
 .note.gnu.avr.deviceinfo
                0x00000000       0x3c C:/Program Files (x86)/Atmel/Studio/7.0/Packs/atmel/ATmega_DFP/1.7.374/gcc/dev/atmega32/avr5/crtatmega32.o

.note.gnu.build-id
 *(.note.gnu.build-id)

.debug
 *(.debug)

.line
 *(.line)

.debug_srcinfo
 *(.debug_srcinfo)

.debug_sfnames
 *(.debug_sfnames)

.debug_aranges  0x00000000      0x2a0
 *(.debug_aranges)
 .debug_aranges
                0x00000000       0x20 APP/main.o
 .debug_aranges
                0x00000020       0x20 APP/UN_PARKING/Program/UnParking.o
 .debug_aranges
                0x00000040       0x38 HAL/DC_MOTOR/Program/DC_MOTOR_Program.o
 .debug_aranges
                0x00000078       0x40 HAL/SERVO_MOTOR/Program/SERVO_MOTOR_Program.o
 .debug_aranges
                0x000000b8       0x30 HAL/ULTRA_SONIC/Program/ULTRASONIC_Program.o
 .debug_aranges
                0x000000e8       0x40 MCAL/DIO/Program/DIO_Program.o
 .debug_aranges
                0x00000128      0x178 MCAL/TIMER/Program/Timer_Program.o

.debug_pubnames
 *(.debug_pubnames)

.debug_info     0x00000000     0x1fca
 *(.debug_info .gnu.linkonce.wi.*)
 .debug_info    0x00000000      0x4e6 C:/Program Files (x86)/Atmel/Studio/7.0/Packs/atmel/ATmega_DFP/1.7.374/gcc/dev/atmega32/avr5/crtatmega32.o
 .debug_info    0x000004e6      0x15d APP/main.o
 .debug_info    0x00000643      0x45b APP/UN_PARKING/Program/UnParking.o
 .debug_info    0x00000a9e      0x1ca HAL/DC_MOTOR/Program/DC_MOTOR_Program.o
 .debug_info    0x00000c68      0x2d1 HAL/SERVO_MOTOR/Program/SERVO_MOTOR_Program.o
 .debug_info    0x00000f39      0x38c HAL/ULTRA_SONIC/Program/ULTRASONIC_Program.o
 .debug_info    0x000012c5      0x1e5 MCAL/DIO/Program/DIO_Program.o
 .debug_info    0x000014aa      0xb20 MCAL/TIMER/Program/Timer_Program.o

.debug_abbrev   0x00000000      0xbb6
 *(.debug_abbrev)
 .debug_abbrev  0x00000000      0x4a3 C:/Program Files (x86)/Atmel/Studio/7.0/Packs/atmel/ATmega_DFP/1.7.374/gcc/dev/atmega32/avr5/crtatmega32.o
 .debug_abbrev  0x000004a3       0xdd APP/main.o
 .debug_abbrev  0x00000580       0xd8 APP/UN_PARKING/Program/UnParking.o
 .debug_abbrev  0x00000658       0x6f HAL/DC_MOTOR/Program/DC_MOTOR_Program.o
 .debug_abbrev  0x000006c7       0xe0 HAL/SERVO_MOTOR/Program/SERVO_MOTOR_Program.o
 .debug_abbrev  0x000007a7      0x185 HAL/ULTRA_SONIC/Program/ULTRASONIC_Program.o
 .debug_abbrev  0x0000092c       0xf2 MCAL/DIO/Program/DIO_Program.o
 .debug_abbrev  0x00000a1e      0x198 MCAL/TIMER/Program/Timer_Program.o

.debug_line     0x00000000     0x169d
 *(.debug_line .debug_line.* .debug_line_end)
 .debug_line    0x00000000      0x116 C:/Program Files (x86)/Atmel/Studio/7.0/Packs/atmel/ATmega_DFP/1.7.374/gcc/dev/atmega32/avr5/crtatmega32.o
 .debug_line    0x00000116      0x1b3 APP/main.o
 .debug_line    0x000002c9      0x285 APP/UN_PARKING/Program/UnParking.o
 .debug_line    0x0000054e       0xe0 HAL/DC_MOTOR/Program/DC_MOTOR_Program.o
 .debug_line    0x0000062e      0x12d HAL/SERVO_MOTOR/Program/SERVO_MOTOR_Program.o
 .debug_line    0x0000075b      0x22e HAL/ULTRA_SONIC/Program/ULTRASONIC_Program.o
 .debug_line    0x00000989      0x1ed MCAL/DIO/Program/DIO_Program.o
 .debug_line    0x00000b76      0xb27 MCAL/TIMER/Program/Timer_Program.o

.debug_frame    0x00000000      0x4f8
 *(.debug_frame)
 .debug_frame   0x00000000       0x24 APP/main.o
 .debug_frame   0x00000024       0x24 APP/UN_PARKING/Program/UnParking.o
 .debug_frame   0x00000048       0x54 HAL/DC_MOTOR/Program/DC_MOTOR_Program.o
 .debug_frame   0x0000009c       0x64 HAL/SERVO_MOTOR/Program/SERVO_MOTOR_Program.o
 .debug_frame   0x00000100       0x88 HAL/ULTRA_SONIC/Program/ULTRASONIC_Program.o
 .debug_frame   0x00000188       0x74 MCAL/DIO/Program/DIO_Program.o
 .debug_frame   0x000001fc      0x2fc MCAL/TIMER/Program/Timer_Program.o

.debug_str      0x00000000      0xef7
 *(.debug_str)
 .debug_str     0x00000000      0x196 C:/Program Files (x86)/Atmel/Studio/7.0/Packs/atmel/ATmega_DFP/1.7.374/gcc/dev/atmega32/avr5/crtatmega32.o
 .debug_str     0x00000196      0x205 APP/main.o
                                0x239 (size before relaxing)
 .debug_str     0x0000039b       0xa0 APP/UN_PARKING/Program/UnParking.o
                                0x295 (size before relaxing)
 .debug_str     0x0000043b       0x4f HAL/DC_MOTOR/Program/DC_MOTOR_Program.o
                                0x23a (size before relaxing)
 .debug_str     0x0000048a      0x2c5 HAL/SERVO_MOTOR/Program/SERVO_MOTOR_Program.o
                                0x4c6 (size before relaxing)
 .debug_str     0x0000074f      0x1e9 HAL/ULTRA_SONIC/Program/ULTRASONIC_Program.o
                                0x40a (size before relaxing)
 .debug_str     0x00000938       0x7a MCAL/DIO/Program/DIO_Program.o
                                0x251 (size before relaxing)
 .debug_str     0x000009b2      0x545 MCAL/TIMER/Program/Timer_Program.o
                                0xacd (size before relaxing)

.debug_loc      0x00000000     0x12b6
 *(.debug_loc)
 .debug_loc     0x00000000       0x48 APP/main.o
 .debug_loc     0x00000048      0x318 APP/UN_PARKING/Program/UnParking.o
 .debug_loc     0x00000360       0xc7 HAL/SERVO_MOTOR/Program/SERVO_MOTOR_Program.o
 .debug_loc     0x00000427      0x193 HAL/ULTRA_SONIC/Program/ULTRASONIC_Program.o
 .debug_loc     0x000005ba      0x3bf MCAL/DIO/Program/DIO_Program.o
 .debug_loc     0x00000979      0x93d MCAL/TIMER/Program/Timer_Program.o

.debug_macinfo
 *(.debug_macinfo)

.debug_weaknames
 *(.debug_weaknames)

.debug_funcnames
 *(.debug_funcnames)

.debug_typenames
 *(.debug_typenames)

.debug_varnames
 *(.debug_varnames)

.debug_pubtypes
 *(.debug_pubtypes)

.debug_ranges   0x00000000      0x230
 *(.debug_ranges)
 .debug_ranges  0x00000000       0x10 APP/main.o
 .debug_ranges  0x00000010       0x10 APP/UN_PARKING/Program/UnParking.o
 .debug_ranges  0x00000020       0x28 HAL/DC_MOTOR/Program/DC_MOTOR_Program.o
 .debug_ranges  0x00000048       0x30 HAL/SERVO_MOTOR/Program/SERVO_MOTOR_Program.o
 .debug_ranges  0x00000078       0x20 HAL/ULTRA_SONIC/Program/ULTRASONIC_Program.o
 .debug_ranges  0x00000098       0x30 MCAL/DIO/Program/DIO_Program.o
 .debug_ranges  0x000000c8      0x168 MCAL/TIMER/Program/Timer_Program.o

.debug_macro
 *(.debug_macro)
OUTPUT(AutnomusSelfParkingCar.elf elf32-avr)
LOAD linker stubs
